19:23:39 **** Incremental Build of configuration Debug for project 6_uart_printf ****
make -j12 all 
arm-none-eabi-size  6_uart_printf.elf 
   text	   data	    bss	    dec	    hex	filename
   5152	    100	   1900	   7152	   1bf0	6_uart_printf.elf
Finished building: default.size.stdout
 
19:23:46 **** Incremental Build of configuration Debug for project 6_uart_printf ****
make -j12 all 
arm-none-eabi-size  6_uart_printf.elf 
   text	   data	    bss	    dec	    hex	filename
   5152	    100	   1900	   7152	   1bf0	6_uart_printf.elf
Finished building: default.size.stdout
 
